{
  "version": "1.5.0",
  "plugins_used": [
    {
      "name": "ArtifactoryDetector"
    },
    {
      "name": "AWSKeyDetector"
    },
    {
      "name": "AzureStorageKeyDetector"
    },
    {
      "name": "Base64HighEntropyString",
      "limit": 4.5
    },
    {
      "name": "BasicAuthDetector"
    },
    {
      "name": "CloudantDetector"
    },
    {
      "name": "DiscordBotTokenDetector"
    },
    {
      "name": "GitHubTokenDetector"
    },
    {
      "name": "GitLabTokenDetector"
    },
    {
      "name": "HexHighEntropyString",
      "limit": 3.0
    },
    {
      "name": "IbmCloudIamDetector"
    },
    {
      "name": "IbmCosHmacDetector"
    },
    {
      "name": "IPPublicDetector"
    },
    {
      "name": "JwtTokenDetector"
    },
    {
      "name": "KeywordDetector",
      "keyword_exclude": ""
    },
    {
      "name": "MailchimpDetector"
    },
    {
      "name": "NpmDetector"
    },
    {
      "name": "OpenAIDetector"
    },
    {
      "name": "PrivateKeyDetector"
    },
    {
      "name": "PypiTokenDetector"
    },
    {
      "name": "SendGridDetector"
    },
    {
      "name": "SlackDetector"
    },
    {
      "name": "SoftlayerDetector"
    },
    {
      "name": "SquareOAuthDetector"
    },
    {
      "name": "StripeDetector"
    },
    {
      "name": "TelegramBotTokenDetector"
    },
    {
      "name": "TwilioKeyDetector"
    }
  ],
  "filters_used": [
    {
      "path": "detect_secrets.filters.allowlist.is_line_allowlisted"
    },
    {
      "path": "detect_secrets.filters.common.is_baseline_file",
      "filename": ".secrets.baseline"
    },
    {
      "path": "detect_secrets.filters.common.is_ignored_due_to_verification_policies",
      "min_level": 2
    },
    {
      "path": "detect_secrets.filters.heuristic.is_indirect_reference"
    },
    {
      "path": "detect_secrets.filters.heuristic.is_likely_id_string"
    },
    {
      "path": "detect_secrets.filters.heuristic.is_lock_file"
    },
    {
      "path": "detect_secrets.filters.heuristic.is_not_alphanumeric_string"
    },
    {
      "path": "detect_secrets.filters.heuristic.is_potential_uuid"
    },
    {
      "path": "detect_secrets.filters.heuristic.is_prefixed_with_dollar_sign"
    },
    {
      "path": "detect_secrets.filters.heuristic.is_sequential_string"
    },
    {
      "path": "detect_secrets.filters.heuristic.is_swagger_file"
    },
    {
      "path": "detect_secrets.filters.heuristic.is_templated_secret"
    }
  ],
  "results": {
    ".env.example": [
      {
        "type": "Basic Auth Credentials",
        "filename": ".env.example",
        "hashed_secret": "c3499c2729730a7f807efb8676a92dcb6f8a3f8f",
        "is_verified": false,
        "line_number": 7
      }
    ],
    ".github/workflows/schemathesis.yml": [
      {
        "type": "Secret Keyword",
        "filename": ".github/workflows/schemathesis.yml",
        "hashed_secret": "9fb7fe1217aed442b04c0f5e43b5d5a7d3287097",
        "is_verified": false,
        "line_number": 22
      },
      {
        "type": "Basic Auth Credentials",
        "filename": ".github/workflows/schemathesis.yml",
        "hashed_secret": "9fb7fe1217aed442b04c0f5e43b5d5a7d3287097",
        "is_verified": false,
        "line_number": 33
      },
      {
        "type": "Base64 High Entropy String",
        "filename": ".github/workflows/schemathesis.yml",
        "hashed_secret": "adcd2870acf9254135942706427211122f5e1fb2",
        "is_verified": false,
        "line_number": 36
      },
      {
        "type": "Secret Keyword",
        "filename": ".github/workflows/schemathesis.yml",
        "hashed_secret": "adcd2870acf9254135942706427211122f5e1fb2",
        "is_verified": false,
        "line_number": 36
      }
    ],
    "CLAUDE.md": [
      {
        "type": "Basic Auth Credentials",
        "filename": "CLAUDE.md",
        "hashed_secret": "5baa61e4c9b93f3f0682250b6cf8331b7ee68fd8",
        "is_verified": false,
        "line_number": 107
      }
    ],
    "CONFIGURATION.md": [
      {
        "type": "Basic Auth Credentials",
        "filename": "CONFIGURATION.md",
        "hashed_secret": "5baa61e4c9b93f3f0682250b6cf8331b7ee68fd8",
        "is_verified": false,
        "line_number": 25
      },
      {
        "type": "Basic Auth Credentials",
        "filename": "CONFIGURATION.md",
        "hashed_secret": "47fb63b1db6d03aaf0dcdaaea63efe49e0f2c12f",
        "is_verified": false,
        "line_number": 50
      },
      {
        "type": "Basic Auth Credentials",
        "filename": "CONFIGURATION.md",
        "hashed_secret": "c3499c2729730a7f807efb8676a92dcb6f8a3f8f",
        "is_verified": false,
        "line_number": 268
      },
      {
        "type": "Basic Auth Credentials",
        "filename": "CONFIGURATION.md",
        "hashed_secret": "1dd6a6cd1f02aedda326b25352070f88034c4f23",
        "is_verified": false,
        "line_number": 280
      }
    ],
    "PiggyPulse.toml.example": [
      {
        "type": "Basic Auth Credentials",
        "filename": "PiggyPulse.toml.example",
        "hashed_secret": "5baa61e4c9b93f3f0682250b6cf8331b7ee68fd8",
        "is_verified": false,
        "line_number": 8
      }
    ],
    "README.md": [
      {
        "type": "Basic Auth Credentials",
        "filename": "README.md",
        "hashed_secret": "5baa61e4c9b93f3f0682250b6cf8331b7ee68fd8",
        "is_verified": false,
        "line_number": 275
      }
    ],
    "docker-compose.test.yaml": [
      {
        "type": "Secret Keyword",
        "filename": "docker-compose.test.yaml",
        "hashed_secret": "9fb7fe1217aed442b04c0f5e43b5d5a7d3287097",
        "is_verified": false,
        "line_number": 10
      }
    ],
    "docs/DEVELOPMENT.md": [
      {
        "type": "Basic Auth Credentials",
        "filename": "docs/DEVELOPMENT.md",
        "hashed_secret": "5baa61e4c9b93f3f0682250b6cf8331b7ee68fd8",
        "is_verified": false,
        "line_number": 63
      }
    ],
    "docs/TWO_FACTOR_AUTHENTICATION.md": [
      {
        "type": "Hex High Entropy String",
        "filename": "docs/TWO_FACTOR_AUTHENTICATION.md",
        "hashed_secret": "ce4303f6b22257d9c9cf314ef1dee4707c6e1c13",
        "is_verified": false,
        "line_number": 111
      },
      {
        "type": "Secret Keyword",
        "filename": "docs/TWO_FACTOR_AUTHENTICATION.md",
        "hashed_secret": "aed8464c729dd24cf4e5a560caccd3bcd1a3b898",
        "is_verified": false,
        "line_number": 152
      },
      {
        "type": "Secret Keyword",
        "filename": "docs/TWO_FACTOR_AUTHENTICATION.md",
        "hashed_secret": "b57fa0798cf182195d00866158f0f022ad324741",
        "is_verified": false,
        "line_number": 289
      },
      {
        "type": "Secret Keyword",
        "filename": "docs/TWO_FACTOR_AUTHENTICATION.md",
        "hashed_secret": "691ca1151748ae7b52b1c82eaaacc60f8d41db82",
        "is_verified": false,
        "line_number": 327
      },
      {
        "type": "Secret Keyword",
        "filename": "docs/TWO_FACTOR_AUTHENTICATION.md",
        "hashed_secret": "72559b51f94a7a3ad058c5740cbe2f7cb0d4080b",
        "is_verified": false,
        "line_number": 471
      }
    ],
    "openapi/bundled/v2.yaml": [
      {
        "type": "Secret Keyword",
        "filename": "openapi/bundled/v2.yaml",
        "hashed_secret": "13d3944187f94becfff4400f6de146e2226f1b93",
        "is_verified": false,
        "line_number": 4187
      }
    ],
    "openapi/schemas/Auth.yaml": [
      {
        "type": "Secret Keyword",
        "filename": "openapi/schemas/Auth.yaml",
        "hashed_secret": "13d3944187f94becfff4400f6de146e2226f1b93",
        "is_verified": false,
        "line_number": 191
      }
    ],
    "scripts/test-integration.sh": [
      {
        "type": "Basic Auth Credentials",
        "filename": "scripts/test-integration.sh",
        "hashed_secret": "9fb7fe1217aed442b04c0f5e43b5d5a7d3287097",
        "is_verified": false,
        "line_number": 9
      }
    ],
    "src/config.rs": [
      {
        "type": "Hex High Entropy String",
        "filename": "src/config.rs",
        "hashed_secret": "ce4303f6b22257d9c9cf314ef1dee4707c6e1c13",
        "is_verified": false,
        "line_number": 367
      }
    ],
    "src/routes/account.rs": [
      {
        "type": "Secret Keyword",
        "filename": "src/routes/account.rs",
        "hashed_secret": "0d73f97d5a7f0e392602992ef8c09aa619486fcc",
        "is_verified": false,
        "line_number": 302
      },
      {
        "type": "Basic Auth Credentials",
        "filename": "src/routes/account.rs",
        "hashed_secret": "c3499c2729730a7f807efb8676a92dcb6f8a3f8f",
        "is_verified": false,
        "line_number": 447
      }
    ],
    "src/routes/budget_category.rs": [
      {
        "type": "Basic Auth Credentials",
        "filename": "src/routes/budget_category.rs",
        "hashed_secret": "c3499c2729730a7f807efb8676a92dcb6f8a3f8f",
        "is_verified": false,
        "line_number": 113
      }
    ],
    "src/routes/budget_period.rs": [
      {
        "type": "Basic Auth Credentials",
        "filename": "src/routes/budget_period.rs",
        "hashed_secret": "c3499c2729730a7f807efb8676a92dcb6f8a3f8f",
        "is_verified": false,
        "line_number": 113
      }
    ],
    "src/routes/category.rs": [
      {
        "type": "Secret Keyword",
        "filename": "src/routes/category.rs",
        "hashed_secret": "0d73f97d5a7f0e392602992ef8c09aa619486fcc",
        "is_verified": false,
        "line_number": 251
      },
      {
        "type": "Basic Auth Credentials",
        "filename": "src/routes/category.rs",
        "hashed_secret": "c3499c2729730a7f807efb8676a92dcb6f8a3f8f",
        "is_verified": false,
        "line_number": 400
      }
    ],
    "src/routes/dashboard.rs": [
      {
        "type": "Secret Keyword",
        "filename": "src/routes/dashboard.rs",
        "hashed_secret": "0d73f97d5a7f0e392602992ef8c09aa619486fcc",
        "is_verified": false,
        "line_number": 288
      },
      {
        "type": "Basic Auth Credentials",
        "filename": "src/routes/dashboard.rs",
        "hashed_secret": "c3499c2729730a7f807efb8676a92dcb6f8a3f8f",
        "is_verified": false,
        "line_number": 387
      }
    ],
    "src/routes/health.rs": [
      {
        "type": "Basic Auth Credentials",
        "filename": "src/routes/health.rs",
        "hashed_secret": "c3499c2729730a7f807efb8676a92dcb6f8a3f8f",
        "is_verified": false,
        "line_number": 46
      }
    ],
    "src/routes/password_reset.rs": [
      {
        "type": "Basic Auth Credentials",
        "filename": "src/routes/password_reset.rs",
        "hashed_secret": "c3499c2729730a7f807efb8676a92dcb6f8a3f8f",
        "is_verified": false,
        "line_number": 287
      }
    ],
    "src/routes/transaction.rs": [
      {
        "type": "Basic Auth Credentials",
        "filename": "src/routes/transaction.rs",
        "hashed_secret": "c3499c2729730a7f807efb8676a92dcb6f8a3f8f",
        "is_verified": false,
        "line_number": 186
      }
    ],
    "src/routes/two_factor.rs": [
      {
        "type": "Secret Keyword",
        "filename": "src/routes/two_factor.rs",
        "hashed_secret": "463d8353f4b927fd953e5af7c41084183e8ce5fb",
        "is_verified": false,
        "line_number": 391
      },
      {
        "type": "Basic Auth Credentials",
        "filename": "src/routes/two_factor.rs",
        "hashed_secret": "c3499c2729730a7f807efb8676a92dcb6f8a3f8f",
        "is_verified": false,
        "line_number": 415
      }
    ],
    "src/routes/user.rs": [
      {
        "type": "Basic Auth Credentials",
        "filename": "src/routes/user.rs",
        "hashed_secret": "c3499c2729730a7f807efb8676a92dcb6f8a3f8f",
        "is_verified": false,
        "line_number": 206
      },
      {
        "type": "Secret Keyword",
        "filename": "src/routes/user.rs",
        "hashed_secret": "0d73f97d5a7f0e392602992ef8c09aa619486fcc",
        "is_verified": false,
        "line_number": 228
      },
      {
        "type": "Secret Keyword",
        "filename": "src/routes/user.rs",
        "hashed_secret": "cbfdac6008f9cab4083784cbd1874f76618d2a97",
        "is_verified": false,
        "line_number": 282
      },
      {
        "type": "Secret Keyword",
        "filename": "src/routes/user.rs",
        "hashed_secret": "a8af4759392d4f7496d613174f33afe2074a4b8d",
        "is_verified": false,
        "line_number": 306
      },
      {
        "type": "Secret Keyword",
        "filename": "src/routes/user.rs",
        "hashed_secret": "14578ef6b92cbaea2e5c8678a7cf1ed2b665a6c8",
        "is_verified": false,
        "line_number": 390
      }
    ],
    "src/routes/vendor.rs": [
      {
        "type": "Basic Auth Credentials",
        "filename": "src/routes/vendor.rs",
        "hashed_secret": "c3499c2729730a7f807efb8676a92dcb6f8a3f8f",
        "is_verified": false,
        "line_number": 176
      },
      {
        "type": "Secret Keyword",
        "filename": "src/routes/vendor.rs",
        "hashed_secret": "0d73f97d5a7f0e392602992ef8c09aa619486fcc",
        "is_verified": false,
        "line_number": 236
      }
    ],
    "src/service/email.rs": [
      {
        "type": "Secret Keyword",
        "filename": "src/service/email.rs",
        "hashed_secret": "a94a8fe5ccb19ba61c4c0873d391e987982fbbd3",
        "is_verified": false,
        "line_number": 587
      }
    ],
    "tests/common/mod.rs": [
      {
        "type": "Basic Auth Credentials",
        "filename": "tests/common/mod.rs",
        "hashed_secret": "9fb7fe1217aed442b04c0f5e43b5d5a7d3287097",
        "is_verified": false,
        "line_number": 12
      }
    ],
    "tests/v2_auth.rs": [
      {
        "type": "Secret Keyword",
        "filename": "tests/v2_auth.rs",
        "hashed_secret": "a0f4ea7d91495df92bbac2e2149dfb850fe81396",
        "is_verified": false,
        "line_number": 86
      },
      {
        "type": "Secret Keyword",
        "filename": "tests/v2_auth.rs",
        "hashed_secret": "43f92280e53eba41713019720c92984613449150",
        "is_verified": false,
        "line_number": 211
      },
      {
        "type": "Secret Keyword",
        "filename": "tests/v2_auth.rs",
        "hashed_secret": "b8a73573b579d106287654491bff7714000ad3d0",
        "is_verified": false,
        "line_number": 362
      },
      {
        "type": "Secret Keyword",
        "filename": "tests/v2_auth.rs",
        "hashed_secret": "ba0088421df14e20fd7309b04a217f9d5bc29dcc",
        "is_verified": false,
        "line_number": 382
      },
      {
        "type": "Secret Keyword",
        "filename": "tests/v2_auth.rs",
        "hashed_secret": "8867c88b56e0bfb82cffaf15a66bc8d107d6754a",
        "is_verified": false,
        "line_number": 423
      }
    ],
    "tests/v2_settings.rs": [
      {
        "type": "Secret Keyword",
        "filename": "tests/v2_settings.rs",
        "hashed_secret": "43f92280e53eba41713019720c92984613449150",
        "is_verified": false,
        "line_number": 571
      }
    ]
  },
  "generated_at": "2026-04-11T22:40:53Z"
}
